// Vitest Snapshot v1, https://vitest.dev/guide/snapshot.html

exports[`command output capture > /switchback (status) renders fallback list + active blocks 1`] = `
"switchback config: <cwd>/.pi/switchback.yaml
fallbacks (4 effective, 0 greyed):
  ✓ zai/glm-5.3
  ✓ ollama-cloud/glm-5.3-flash
  ✓ minimax/MiniMax-M3
  ✓ opencode-go/glm-5.3-flash
active blocks: (none)"
`;

exports[`command output capture > /switchback-blocked renders empty list when nothing is blocked 1`] = `"(no models currently blocked)"`;

exports[`command output capture > /switchback-crashes renders empty when no crashes recorded 1`] = `"(no crashes recorded yet)"`;
